// Jest Snapshot v1, https://goo.gl/fbAQLP

exports[`renders homepage unchanged 1`] = `
<div>
  <footer
    class="bg-neutral-50 border-t border-neutral-200"
  >
    <div
      class="container mx-auto px-5"
    >
      <div
        class="py-28 flex flex-col lg:flex-row items-center"
      >
        <h3
          class="text-4xl lg:text-[2.5rem] font-bold tracking-tighter leading-tight text-center lg:text-left mb-10 lg:mb-0 lg:pr-4 lg:w-1/2"
        >
          Statically Generated with Next.js.
        </h3>
        <div
          class="flex flex-col lg:flex-row justify-center items-center lg:pl-4 lg:w-1/2"
        >
          <a
            class="mx-3 bg-black hover:bg-white hover:text-black border border-black text-white font-bold py-3 px-12 lg:px-8 duration-200 transition-colors mb-6 lg:mb-0"
            href="https://nextjs.org/docs/app/building-your-application/routing/pages-and-layouts"
          >
            Read Documentation
          </a>
          <a
            class="mx-3 font-bold hover:underline"
            href="https://github.com/vercel/next.js/tree/canary/examples/blog-starter"
          >
            View on GitHub
          </a>
        </div>
      </div>
    </div>
  </footer>
</div>
`;
