// Jest Snapshot v1, https://goo.gl/fbAQLP

exports[`renders homepage unchanged 1`] = `
<div>
  <h2
    class="text-2xl md:text-4xl font-bold tracking-tight md:tracking-tighter leading-tight mb-20 mt-8"
  >
    <a
      class="hover:underline"
      href="/"
    >
      Blog
    </a>
    .
  </h2>
</div>
`;
