// Jest Snapshot v1, https://goo.gl/fbAQLP

exports[`renders homepage unchanged 1`] = `
<div>
  <div>
    <div
      class="mb-5"
    >
      <div
        class="sm:mx-0"
      >
        <a
          aria-label="test"
          href="/posts/slug"
        >
          <img
            alt="Cover Image for test"
            class="shadow-sm w-full hover:shadow-lg transition-shadow duration-200"
            data-nimg="1"
            decoding="async"
            height="630"
            loading="lazy"
            src="/_next/image?url=%2Fpublic%2Fassets%2Fblog%2Fauthors%2Fjj.jpeg&w=3840&q=75"
            srcset="/_next/image?url=%2Fpublic%2Fassets%2Fblog%2Fauthors%2Fjj.jpeg&w=1920&q=75 1x, /_next/image?url=%2Fpublic%2Fassets%2Fblog%2Fauthors%2Fjj.jpeg&w=3840&q=75 2x"
            style="color: transparent;"
            width="1300"
          />
        </a>
      </div>
    </div>
    <h3
      class="text-3xl mb-3 leading-snug"
    >
      <a
        class="hover:underline"
        href="/posts/slug"
      >
        test
      </a>
    </h3>
    <div
      class="text-lg mb-4"
    >
      <time
        datetime="2024-04-17T05:35:07.322Z"
      >
        April	17, 2024
      </time>
    </div>
    <p
      class="text-lg leading-relaxed mb-4"
    >
      excerpt
    </p>
    <div
      class="flex items-center"
    >
      <img
        class="w-12 h-12 rounded-full mr-4"
        data-nimg="1"
        decoding="async"
        height="12"
        src=""
        style="color: transparent;"
        width="12"
      />
      <div
        class="text-xl font-bold"
      />
    </div>
  </div>
</div>
`;
