// Jest Snapshot v1, https://goo.gl/fbAQLP

exports[`renders homepage unchanged 1`] = `
<div>
  <div
    class="max-w-2xl mx-auto"
  >
    <div
      class="markdown"
    >
      test
    </div>
  </div>
</div>
`;
