// Jest Snapshot v1, https://goo.gl/fbAQLP

exports[`renders homepage unchanged 1`] = `
<div>
  <div
    class="sm:mx-0"
  >
    <img
      alt="Cover Image for jj"
      class="shadow-sm w-full"
      data-nimg="1"
      decoding="async"
      height="630"
      loading="lazy"
      src="/_next/image?url=%2Fpublic%2Fassets%2Fblog%2Fauthors%2Fjj.jpeg&w=3840&q=75"
      srcset="/_next/image?url=%2Fpublic%2Fassets%2Fblog%2Fauthors%2Fjj.jpeg&w=1920&q=75 1x, /_next/image?url=%2Fpublic%2Fassets%2Fblog%2Fauthors%2Fjj.jpeg&w=3840&q=75 2x"
      style="color: transparent;"
      width="1300"
    />
  </div>
</div>
`;
