// Jest Snapshot v1, https://goo.gl/fbAQLP

exports[`renders homepage unchanged 1`] = `
<div>
  <time
    datetime="2024-04-17T05:35:07.322Z"
  >
    April	17, 2024
  </time>
</div>
`;
