// Jest Snapshot v1, https://goo.gl/fbAQLP

exports[`renders homepage unchanged 1`] = `
<div>
  <h1
    class="text-5xl md:text-7xl lg:text-8xl font-bold tracking-tighter leading-tight md:leading-none mb-12 text-center md:text-left"
  />
</div>
`;
