// Jest Snapshot v1, https://goo.gl/fbAQLP

exports[`renders homepage unchanged 1`] = `
<div>
  <section>
    <div
      class="mb-8 md:mb-16"
    >
      <div
        class="sm:mx-0"
      >
        <a
          aria-label="title"
          href="/posts/slug"
        >
          <img
            alt="Cover Image for title"
            class="shadow-sm w-full hover:shadow-lg transition-shadow duration-200"
            data-nimg="1"
            decoding="async"
            height="630"
            loading="lazy"
            src="/_next/image?url=%2Fpublic%2Fassets%2Fblog%2Fauthors%2Fjj.jpeg&w=3840&q=75"
            srcset="/_next/image?url=%2Fpublic%2Fassets%2Fblog%2Fauthors%2Fjj.jpeg&w=1920&q=75 1x, /_next/image?url=%2Fpublic%2Fassets%2Fblog%2Fauthors%2Fjj.jpeg&w=3840&q=75 2x"
            style="color: transparent;"
            width="1300"
          />
        </a>
      </div>
    </div>
    <div
      class="md:grid md:grid-cols-2 md:gap-x-16 lg:gap-x-8 mb-20 md:mb-28"
    >
      <div>
        <h3
          class="mb-4 text-4xl lg:text-5xl leading-tight"
        >
          <a
            class="hover:underline"
            href="/posts/slug"
          >
            title
          </a>
        </h3>
        <div
          class="mb-4 md:mb-0 text-lg"
        >
          <time
            datetime="2024-04-17T05:35:07.322Z"
          >
            April	17, 2024
          </time>
        </div>
      </div>
      <div>
        <p
          class="text-lg leading-relaxed mb-4"
        >
          excerpt
        </p>
        <div
          class="flex items-center"
        >
          <img
            class="w-12 h-12 rounded-full mr-4"
            data-nimg="1"
            decoding="async"
            height="12"
            src=""
            style="color: transparent;"
            width="12"
          />
          <div
            class="text-xl font-bold"
          />
        </div>
      </div>
    </div>
  </section>
</div>
`;
